// Jest Snapshot v1, https://goo.gl/fbAQLP

exports[`FormCheckboxes initialized snapshot 1`] = `
<div
  class="formCheckboxes"
>
  <ul
    class="formCheckboxes__list"
  >
    <li
      class="formCheckboxes__item"
    >
      <label
        class="vCheckbox"
      >
        <input
          aria-invalid="false"
          class="vCheckbox__input"
          name="test"
          type="checkbox"
          value="1"
        />
         
        <span
          class="vCheckbox__label"
        >
          
        1
      
        </span>
      </label>
    </li>
    <li
      class="formCheckboxes__item"
    >
      <label
        class="vCheckbox"
      >
        <input
          aria-invalid="false"
          class="vCheckbox__input"
          name="test"
          type="checkbox"
          value="2"
        />
         
        <span
          class="vCheckbox__label"
        >
          
        2
      
        </span>
      </label>
    </li>
    <li
      class="formCheckboxes__item"
    >
      <label
        class="vCheckbox"
      >
        <input
          aria-invalid="false"
          class="vCheckbox__input"
          name="test"
          type="checkbox"
          value="3"
        />
         
        <span
          class="vCheckbox__label"
        >
          
        3
      
        </span>
      </label>
    </li>
  </ul>
   
  <!---->
</div>
`;
