// Jest Snapshot v1, https://goo.gl/fbAQLP

exports[`FormSelect initialized snapshot 1`] = `
<div
  class="formSelect"
>
  <vselect-stub
    aria-invalid="false"
    class="formSelect__select"
    name="test"
    options="[object Object],[object Object],[object Object],[object Object]"
    value=""
  />
   
  <!---->
</div>
`;
