// Jest Snapshot v1, https://goo.gl/fbAQLP

exports[`FormRadios initialized snapshot 1`] = `
<div
  class="formRadios"
>
  <ul
    class="formRadios__list"
  >
    <li
      class="formRadios__item"
    >
      <vradio-stub
        aria-invalid="false"
        name="name"
        value=""
      >
        
        ラベル1
      
      </vradio-stub>
    </li>
    <li
      class="formRadios__item"
    >
      <vradio-stub
        aria-invalid="false"
        name="name"
        value=""
      >
        
        ラベル2
      
      </vradio-stub>
    </li>
    <li
      class="formRadios__item"
    >
      <vradio-stub
        aria-invalid="false"
        name="name"
        value=""
      >
        
        ラベル3
      
      </vradio-stub>
    </li>
    <li
      class="formRadios__item"
    >
      <vradio-stub
        aria-invalid="false"
        name="name"
        value=""
      >
        
        ラベル4
      
      </vradio-stub>
    </li>
  </ul>
   
  <!---->
</div>
`;
