// Jest Snapshot v1, https://goo.gl/fbAQLP

exports[`VModal initialized snapshot 1`] = `
<div
  name="modal"
  style="display: none;"
>
  <div
    class="modal"
  >
    <button
      class="modal__close"
      type="button"
    >
      <vclose-stub
        class="modal__closeIcon"
        title="閉じる"
      />
    </button>
     
    <div
      tabindex="0"
    />
     
    <vcontainer-stub
      class="modal__content"
    >
      <div
        class="modal__inner"
      />
    </vcontainer-stub>
     
    <div
      tabindex="0"
    />
  </div>
   
  <vmask-stub
    class="modal__mask"
  />
</div>
`;
